задание отправлено: job-1785397964-8621-81408-1-cae70b.json (task=enrich_contacts, подпись=да)
позиций в выгрузке: 7458, с датой размещения в будущем: 336
  ключ где угодно в тексте: 208 поз / 133 ИНН
  ключ в самом предмете и не автотранспорт: 163 поз / 129 ИНН
компаний с планом: 129
журнал: C:\sender\server\plany.jsonl
из базы обзвона нашлось: 19 ИНН из 129
уже есть в базе: 19, НОВЫХ предприятий: 110

=== ИЗ БАЗЫ (не из счётчиков прогона) ===
  компании: было 10081 → стало 10191 (+110)
  сигналы:  было 2705 → стало 2834 (+129)
  сигналов источника «ЕИС план 223-ФЗ»: 129
  из них уже с человеком: 10, с техЛПР: 0, с телефоном: 10

=== БЛИЖАЙШИЕ ПЛАНЫ ===
  7729722060 2026-07    3221.1 млн  ОБЩЕСТВО С ОГРАНИЧЕННОЙ ОТ Изготовление и комплектная поставка паровой ту
  0277077282 2026-07     405.7 млн  ОБЩЕСТВО С ОГРАНИЧЕННОЙ ОТ Поставка модернизированного облопаченного рото
  7704784450 2026-07      75.2 млн  АКЦИОНЕРНОЕ ОБЩЕСТВО "ИНТЕ Ремонт турбоагрегатов ст. №№ 1,2,3 для Харанор
  3808229774 2026-07      49.0 млн  ОБЩЕСТВО С ОГРАНИЧЕННОЙ ОТ на выполнение строительно-монтажных работ по у
  7701984274 2026-07      46.0 млн  АКЦИОНЕРНОЕ ОБЩЕСТВО "МОСВ Поставка пробок пневматических нагнетательных 
  2725031842 2026-07      32.0 млн  АКЦИОНЕРНОЕ ОБЩЕСТВО "ХАБА ОКПД2 33.12.19.000. Ремонт поверхностей нагрев
  5406323202 2026-07      23.3 млн  АКЦИОНЕРНОЕ ОБЩЕСТВО "ТЕРР Комплекты рабочих лопаток РВД турбоагрегата Р-
  4909095279 2026-07      19.3 млн  АКЦИОНЕРНОЕ ОБЩЕСТВО "УСТЬ ОКПД2 24.20.11 Поставка стальных бесшовных тру
  7412012791 2026-07      18.0 млн  ОБЩЕСТВО С ОГРАНИЧЕННОЙ ОТ Приобретение компрессора сжатого воздуха
  2510001238 2026-07      15.3 млн  АКЦИОНЕРНОЕ ОБЩЕСТВО "СПАС Оказание услуг по техническому обслуживанию ко
  1911000014 2026-07      14.7 млн  АКЦИОНЕРНОЕ ОБЩЕСТВО "КОММ Выполнение работ по монтажу сэндвич панелей ко
  4716016979 2026-07      13.5 млн  ПУБЛИЧНОЕ АКЦИОНЕРНОЕ ОБЩЕ Выполнение работ (РД, авторский надзор, СМНР, 
  0268000188 2026-07      11.7 млн  МУНИЦИПАЛЬНОЕ УНИТАРНОЕ ПР Выполнение работ по «Замене шкафов управления 
  1683018700 2026-07       9.9 млн  ОБЩЕСТВО С ОГРАНИЧЕННОЙ ОТ Выполнение работ по капитальному ремонту винто
  2204079002 2026-07       7.1 млн  ОБЩЕСТВО С ОГРАНИЧЕННОЙ ОТ Поставка турбовоздуходувки RAETTS EXPL200-06KR
позиций 163, компаний 129, новых 110

