404	https://prokompressor.ru/catalog/bizhuteriya/
404	https://prokompressor.ru/catalog/bizhuteriya/braslety/
404	https://prokompressor.ru/catalog/bizhuteriya/braslety/247817/
404	https://prokompressor.ru/catalog/bizhuteriya/braslety/247818/
404	https://prokompressor.ru/catalog/bizhuteriya/braslety/247819/
404	https://prokompressor.ru/catalog/bizhuteriya/braslety/247820/
404	https://prokompressor.ru/catalog/bizhuteriya/broshi/
404	https://prokompressor.ru/catalog/bizhuteriya/broshi/247790/
404	https://prokompressor.ru/catalog/bizhuteriya/broshi/247791/
404	https://prokompressor.ru/catalog/bizhuteriya/broshi/247792/
404	https://prokompressor.ru/catalog/bizhuteriya/broshi/247793/
404	https://prokompressor.ru/catalog/bizhuteriya/broshi/247794/
404	https://prokompressor.ru/catalog/bizhuteriya/sergi/
404	https://prokompressor.ru/catalog/bizhuteriya/sergi/247795/
404	https://prokompressor.ru/catalog/bizhuteriya/sergi/247796/
404	https://prokompressor.ru/catalog/bizhuteriya/sergi/247812/
404	https://prokompressor.ru/catalog/bizhuteriya/sergi/247813/
404	https://prokompressor.ru/catalog/chasy/
404	https://prokompressor.ru/catalog/chasy/detskie_chasy/
404	https://prokompressor.ru/catalog/chasy/detskie_chasy/247842/
404	https://prokompressor.ru/catalog/chasy/detskie_chasy/247843/
404	https://prokompressor.ru/catalog/chasy/detskie_chasy/247844/
404	https://prokompressor.ru/catalog/chasy/detskie_chasy/247845/
404	https://prokompressor.ru/catalog/chasy/muzhskie_chasy/
404	https://prokompressor.ru/catalog/chasy/muzhskie_chasy/247674/
404	https://prokompressor.ru/catalog/chasy/muzhskie_chasy/247675/
404	https://prokompressor.ru/catalog/chasy/muzhskie_chasy/247737/
404	https://prokompressor.ru/catalog/chasy/muzhskie_chasy/247841/
404	https://prokompressor.ru/catalog/chasy/zhenskie_chasy/
404	https://prokompressor.ru/catalog/chasy/zhenskie_chasy/247680/
404	https://prokompressor.ru/catalog/chasy/zhenskie_chasy/247681/
404	https://prokompressor.ru/catalog/chasy/zhenskie_chasy/247742/
404	https://prokompressor.ru/catalog/chasy/zhenskie_chasy/247743/
404	https://prokompressor.ru/catalog/elektronika/
404	https://prokompressor.ru/catalog/elektronika/audiotekhnika/
404	https://prokompressor.ru/catalog/elektronika/audiotekhnika/247687/
404	https://prokompressor.ru/catalog/elektronika/audiotekhnika/247688/
404	https://prokompressor.ru/catalog/elektronika/audiotekhnika/247759/
404	https://prokompressor.ru/catalog/elektronika/audiotekhnika/247760/
404	https://prokompressor.ru/catalog/elektronika/igry_i_pristavki/
404	https://prokompressor.ru/catalog/elektronika/igry_i_pristavki/247712/
404	https://prokompressor.ru/catalog/elektronika/igry_i_pristavki/247713/
404	https://prokompressor.ru/catalog/elektronika/igry_i_pristavki/247746/
404	https://prokompressor.ru/catalog/elektronika/igry_i_pristavki/247776/
404	https://prokompressor.ru/catalog/elektronika/telefony/
404	https://prokompressor.ru/catalog/elektronika/telefony/247689/
404	https://prokompressor.ru/catalog/elektronika/telefony/247690/
404	https://prokompressor.ru/catalog/elektronika/telefony/247745/
404	https://prokompressor.ru/catalog/elektronika/telefony/247761/
404	https://prokompressor.ru/catalog/elektronika/telefony/247805/
404	https://prokompressor.ru/catalog/elektronika/telefony/247806/
404	https://prokompressor.ru/catalog/elektronika/televizory/
404	https://prokompressor.ru/catalog/elektronika/televizory/247686/
404	https://prokompressor.ru/catalog/elektronika/televizory/247694/
404	https://prokompressor.ru/catalog/elektronika/televizory/247744/
404	https://prokompressor.ru/catalog/elektronika/televizory/247765/
404	https://prokompressor.ru/catalog/igrushki/
404	https://prokompressor.ru/catalog/igrushki/myagkie_igrushki/
404	https://prokompressor.ru/catalog/igrushki/myagkie_igrushki/247874/
404	https://prokompressor.ru/catalog/igrushki/myagkie_igrushki/247875/
404	https://prokompressor.ru/catalog/igrushki/myagkie_igrushki/247876/
404	https://prokompressor.ru/catalog/igrushki/myagkie_igrushki/247877/
404	https://prokompressor.ru/catalog/igrushki/razvivayushchie_igrushki/
404	https://prokompressor.ru/catalog/igrushki/razvivayushchie_igrushki/247788/
404	https://prokompressor.ru/catalog/igrushki/razvivayushchie_igrushki/247789/
404	https://prokompressor.ru/catalog/igrushki/razvivayushchie_igrushki/247865/
404	https://prokompressor.ru/catalog/igrushki/razvivayushchie_igrushki/247866/
404	https://prokompressor.ru/catalog/igrushki/razvivayushchie_igrushki/247867/
404	https://prokompressor.ru/catalog/igrushki/razvivayushchie_igrushki/247868/
404	https://prokompressor.ru/catalog/klimaticheskaya_tekhnika/
404	https://prokompressor.ru/catalog/klimaticheskaya_tekhnika/brizery/
404	https://prokompressor.ru/catalog/klimaticheskaya_tekhnika/brizery/247856/
404	https://prokompressor.ru/catalog/klimaticheskaya_tekhnika/brizery/247857/
404	https://prokompressor.ru/catalog/klimaticheskaya_tekhnika/brizery/247862/
404	https://prokompressor.ru/catalog/klimaticheskaya_tekhnika/brizery/247863/
404	https://prokompressor.ru/catalog/klimaticheskaya_tekhnika/konditsionery/
404	https://prokompressor.ru/catalog/klimaticheskaya_tekhnika/konditsionery/247846/
404	https://prokompressor.ru/catalog/klimaticheskaya_tekhnika/konditsionery/247847/
404	https://prokompressor.ru/catalog/klimaticheskaya_tekhnika/konditsionery/247848/
404	https://prokompressor.ru/catalog/klimaticheskaya_tekhnika/konditsionery/247849/
404	https://prokompressor.ru/catalog/klimaticheskaya_tekhnika/konditsionery/247850/
404	https://prokompressor.ru/catalog/klimaticheskaya_tekhnika/konditsionery/247851/
404	https://prokompressor.ru/catalog/kosmetika_i_parfyumeriya/
404	https://prokompressor.ru/catalog/kosmetika_i_parfyumeriya/gubnye_pomady/
404	https://prokompressor.ru/catalog/kosmetika_i_parfyumeriya/gubnye_pomady/247735/
404	https://prokompressor.ru/catalog/kosmetika_i_parfyumeriya/gubnye_pomady/247736/
404	https://prokompressor.ru/catalog/kosmetika_i_parfyumeriya/gubnye_pomady/247858/
404	https://prokompressor.ru/catalog/kosmetika_i_parfyumeriya/gubnye_pomady/247859/
404	https://prokompressor.ru/catalog/kosmetika_i_parfyumeriya/gubnye_pomady/247860/
404	https://prokompressor.ru/catalog/kosmetika_i_parfyumeriya/gubnye_pomady/247861/
404	https://prokompressor.ru/catalog/kosmetika_i_parfyumeriya/parfyumeriya/
404	https://prokompressor.ru/catalog/kosmetika_i_parfyumeriya/parfyumeriya/247730/
404	https://prokompressor.ru/catalog/kosmetika_i_parfyumeriya/parfyumeriya/247731/
404	https://prokompressor.ru/catalog/kosmetika_i_parfyumeriya/parfyumeriya/247732/
404	https://prokompressor.ru/catalog/kosmetika_i_parfyumeriya/parfyumeriya/247733/
404	https://prokompressor.ru/catalog/mebel/
404	https://prokompressor.ru/catalog/mebel/divany/
404	https://prokompressor.ru/catalog/mebel/divany/247691/
404	https://prokompressor.ru/catalog/mebel/divany/247706/
404	https://prokompressor.ru/catalog/mebel/divany/247747/
404	https://prokompressor.ru/catalog/mebel/divany/247762/
404	https://prokompressor.ru/catalog/mebel/divany/247810/
404	https://prokompressor.ru/catalog/mebel/divany/247811/
404	https://prokompressor.ru/catalog/mebel/shkafy/
404	https://prokompressor.ru/catalog/mebel/shkafy/247682/
404	https://prokompressor.ru/catalog/mebel/shkafy/247797/
404	https://prokompressor.ru/catalog/mebel/shkafy/247823/
404	https://prokompressor.ru/catalog/mebel/shkafy/247824/
404	https://prokompressor.ru/catalog/mebel/stoly/
404	https://prokompressor.ru/catalog/mebel/stoly/247716/
404	https://prokompressor.ru/catalog/mebel/stoly/247717/
404	https://prokompressor.ru/catalog/mebel/stoly/247748/
404	https://prokompressor.ru/catalog/mebel/stoly/247825/
404	https://prokompressor.ru/catalog/mebel/stulya/
404	https://prokompressor.ru/catalog/mebel/stulya/247828/
404	https://prokompressor.ru/catalog/mebel/stulya/247829/
404	https://prokompressor.ru/catalog/mebel/stulya/247830/
404	https://prokompressor.ru/catalog/mebel/stulya/247831/
404	https://prokompressor.ru/catalog/obuv/
404	https://prokompressor.ru/catalog/obuv/muzhskaya_obuv/
404	https://prokompressor.ru/catalog/obuv/muzhskaya_obuv/247798/
404	https://prokompressor.ru/catalog/obuv/muzhskaya_obuv/247799/
404	https://prokompressor.ru/catalog/obuv/muzhskaya_obuv/247800/
404	https://prokompressor.ru/catalog/obuv/muzhskaya_obuv/247833/
404	https://prokompressor.ru/catalog/obuv/obuv_dlya_devochek/
404	https://prokompressor.ru/catalog/obuv/obuv_dlya_devochek/247852/
404	https://prokompressor.ru/catalog/obuv/obuv_dlya_devochek/247853/
404	https://prokompressor.ru/catalog/obuv/obuv_dlya_devochek/247854/
404	https://prokompressor.ru/catalog/obuv/obuv_dlya_devochek/247855/
404	https://prokompressor.ru/catalog/obuv/obuv_dlya_malchikov/
404	https://prokompressor.ru/catalog/obuv/obuv_dlya_malchikov/247837/
404	https://prokompressor.ru/catalog/obuv/obuv_dlya_malchikov/247838/
404	https://prokompressor.ru/catalog/obuv/obuv_dlya_malchikov/247839/
404	https://prokompressor.ru/catalog/obuv/obuv_dlya_malchikov/247840/
404	https://prokompressor.ru/catalog/obuv/zhenskaya_obuv/
404	https://prokompressor.ru/catalog/obuv/zhenskaya_obuv/247801/
404	https://prokompressor.ru/catalog/obuv/zhenskaya_obuv/247802/
404	https://prokompressor.ru/catalog/obuv/zhenskaya_obuv/247803/
404	https://prokompressor.ru/catalog/obuv/zhenskaya_obuv/247804/
404	https://prokompressor.ru/catalog/odezhda/
404	https://prokompressor.ru/catalog/bizhuteriya/braslety/
404	https://prokompressor.ru/catalog/bizhuteriya/
404	https://prokompressor.ru/catalog/bizhuteriya/braslety/247817/
404	https://prokompressor.ru/catalog/bizhuteriya/braslety/247819/
404	https://prokompressor.ru/catalog/bizhuteriya/braslety/247818/
404	https://prokompressor.ru/catalog/bizhuteriya/braslety/247820/
404	https://prokompressor.ru/catalog/bizhuteriya/broshi/
404	https://prokompressor.ru/catalog/bizhuteriya/broshi/247790/
404	https://prokompressor.ru/catalog/bizhuteriya/broshi/247791/
404	https://prokompressor.ru/catalog/bizhuteriya/broshi/247792/
404	https://prokompressor.ru/catalog/bizhuteriya/broshi/247793/
404	https://prokompressor.ru/catalog/bizhuteriya/broshi/247794/
404	https://prokompressor.ru/catalog/bizhuteriya/sergi/
404	https://prokompressor.ru/catalog/bizhuteriya/sergi/247795/
404	https://prokompressor.ru/catalog/bizhuteriya/sergi/247796/
404	https://prokompressor.ru/catalog/bizhuteriya/sergi/247812/
404	https://prokompressor.ru/catalog/bizhuteriya/sergi/247813/
404	https://prokompressor.ru/catalog/chasy/
404	https://prokompressor.ru/catalog/chasy/detskie_chasy/
404	https://prokompressor.ru/catalog/chasy/detskie_chasy/247842/
404	https://prokompressor.ru/catalog/chasy/detskie_chasy/247843/
404	https://prokompressor.ru/catalog/chasy/detskie_chasy/247844/
404	https://prokompressor.ru/catalog/chasy/muzhskie_chasy/
404	https://prokompressor.ru/catalog/chasy/detskie_chasy/247845/
404	https://prokompressor.ru/catalog/chasy/muzhskie_chasy/247674/
404	https://prokompressor.ru/catalog/chasy/muzhskie_chasy/247675/
404	https://prokompressor.ru/catalog/chasy/muzhskie_chasy/247737/
404	https://prokompressor.ru/catalog/chasy/muzhskie_chasy/247841/
404	https://prokompressor.ru/catalog/chasy/zhenskie_chasy/
404	https://prokompressor.ru/catalog/chasy/zhenskie_chasy/247680/
404	https://prokompressor.ru/catalog/chasy/zhenskie_chasy/247681/
404	https://prokompressor.ru/catalog/chasy/zhenskie_chasy/247742/
404	https://prokompressor.ru/catalog/elektronika/
404	https://prokompressor.ru/catalog/chasy/zhenskie_chasy/247743/
404	https://prokompressor.ru/catalog/elektronika/audiotekhnika/
404	https://prokompressor.ru/catalog/elektronika/audiotekhnika/247687/
404	https://prokompressor.ru/catalog/elektronika/audiotekhnika/247688/
404	https://prokompressor.ru/catalog/elektronika/audiotekhnika/247759/
404	https://prokompressor.ru/catalog/elektronika/audiotekhnika/247760/
404	https://prokompressor.ru/catalog/elektronika/igry_i_pristavki/
404	https://prokompressor.ru/catalog/elektronika/igry_i_pristavki/247712/
404	https://prokompressor.ru/catalog/elektronika/igry_i_pristavki/247713/
404	https://prokompressor.ru/catalog/elektronika/igry_i_pristavki/247746/
404	https://prokompressor.ru/catalog/elektronika/igry_i_pristavki/247776/
404	https://prokompressor.ru/catalog/elektronika/telefony/
404	https://prokompressor.ru/catalog/elektronika/telefony/247689/
404	https://prokompressor.ru/catalog/elektronika/telefony/247745/
404	https://prokompressor.ru/catalog/elektronika/telefony/247690/
404	https://prokompressor.ru/catalog/elektronika/telefony/247761/
404	https://prokompressor.ru/catalog/elektronika/telefony/247805/
404	https://prokompressor.ru/catalog/elektronika/telefony/247806/
404	https://prokompressor.ru/catalog/elektronika/televizory/
404	https://prokompressor.ru/catalog/elektronika/televizory/247694/
404	https://prokompressor.ru/catalog/elektronika/televizory/247686/
404	https://prokompressor.ru/catalog/elektronika/televizory/247744/
404	https://prokompressor.ru/catalog/elektronika/televizory/247765/
404	https://prokompressor.ru/catalog/igrushki/
404	https://prokompressor.ru/catalog/igrushki/myagkie_igrushki/
404	https://prokompressor.ru/catalog/igrushki/myagkie_igrushki/247874/
404	https://prokompressor.ru/catalog/igrushki/myagkie_igrushki/247875/
404	https://prokompressor.ru/catalog/igrushki/myagkie_igrushki/247876/
404	https://prokompressor.ru/catalog/igrushki/razvivayushchie_igrushki/
404	https://prokompressor.ru/catalog/igrushki/myagkie_igrushki/247877/
404	https://prokompressor.ru/catalog/igrushki/razvivayushchie_igrushki/247789/
404	https://prokompressor.ru/catalog/igrushki/razvivayushchie_igrushki/247788/
404	https://prokompressor.ru/catalog/igrushki/razvivayushchie_igrushki/247865/
404	https://prokompressor.ru/catalog/igrushki/razvivayushchie_igrushki/247866/
404	https://prokompressor.ru/catalog/igrushki/razvivayushchie_igrushki/247867/
404	https://prokompressor.ru/catalog/klimaticheskaya_tekhnika/
404	https://prokompressor.ru/catalog/igrushki/razvivayushchie_igrushki/247868/
404	https://prokompressor.ru/catalog/klimaticheskaya_tekhnika/brizery/
404	https://prokompressor.ru/catalog/klimaticheskaya_tekhnika/brizery/247856/
404	https://prokompressor.ru/catalog/klimaticheskaya_tekhnika/brizery/247857/
404	https://prokompressor.ru/catalog/klimaticheskaya_tekhnika/brizery/247862/
404	https://prokompressor.ru/catalog/klimaticheskaya_tekhnika/brizery/247863/
404	https://prokompressor.ru/catalog/klimaticheskaya_tekhnika/konditsionery/
404	https://prokompressor.ru/catalog/klimaticheskaya_tekhnika/konditsionery/247846/
404	https://prokompressor.ru/catalog/klimaticheskaya_tekhnika/konditsionery/247847/
404	https://prokompressor.ru/catalog/klimaticheskaya_tekhnika/konditsionery/247849/
404	https://prokompressor.ru/catalog/klimaticheskaya_tekhnika/konditsionery/247848/
404	https://prokompressor.ru/catalog/klimaticheskaya_tekhnika/konditsionery/247850/
404	https://prokompressor.ru/catalog/klimaticheskaya_tekhnika/konditsionery/247851/
404	https://prokompressor.ru/catalog/kosmetika_i_parfyumeriya/
404	https://prokompressor.ru/catalog/kosmetika_i_parfyumeriya/gubnye_pomady/
404	https://prokompressor.ru/catalog/kosmetika_i_parfyumeriya/gubnye_pomady/247735/
404	https://prokompressor.ru/catalog/kosmetika_i_parfyumeriya/gubnye_pomady/247736/
404	https://prokompressor.ru/catalog/kosmetika_i_parfyumeriya/gubnye_pomady/247858/
404	https://prokompressor.ru/catalog/kosmetika_i_parfyumeriya/gubnye_pomady/247860/
404	https://prokompressor.ru/catalog/kosmetika_i_parfyumeriya/gubnye_pomady/247859/
404	https://prokompressor.ru/catalog/kosmetika_i_parfyumeriya/gubnye_pomady/247861/
404	https://prokompressor.ru/catalog/kosmetika_i_parfyumeriya/parfyumeriya/
404	https://prokompressor.ru/catalog/kosmetika_i_parfyumeriya/parfyumeriya/247730/
404	https://prokompressor.ru/catalog/kosmetika_i_parfyumeriya/parfyumeriya/247731/
404	https://prokompressor.ru/catalog/kosmetika_i_parfyumeriya/parfyumeriya/247733/
404	https://prokompressor.ru/catalog/kosmetika_i_parfyumeriya/parfyumeriya/247732/
404	https://prokompressor.ru/catalog/mebel/
404	https://prokompressor.ru/catalog/mebel/divany/
404	https://prokompressor.ru/catalog/mebel/divany/247706/
404	https://prokompressor.ru/catalog/mebel/divany/247691/
404	https://prokompressor.ru/catalog/mebel/divany/247747/
404	https://prokompressor.ru/catalog/mebel/divany/247762/
404	https://prokompressor.ru/catalog/mebel/shkafy/
404	https://prokompressor.ru/catalog/mebel/divany/247810/
404	https://prokompressor.ru/catalog/mebel/divany/247811/
404	https://prokompressor.ru/catalog/mebel/shkafy/247682/
404	https://prokompressor.ru/catalog/mebel/shkafy/247797/
404	https://prokompressor.ru/catalog/mebel/shkafy/247824/
404	https://prokompressor.ru/catalog/mebel/shkafy/247823/
404	https://prokompressor.ru/catalog/mebel/stoly/247716/
404	https://prokompressor.ru/catalog/mebel/stoly/
404	https://prokompressor.ru/catalog/mebel/stoly/247717/
404	https://prokompressor.ru/catalog/mebel/stoly/247748/
404	https://prokompressor.ru/catalog/mebel/stoly/247825/
404	https://prokompressor.ru/catalog/mebel/stulya/
404	https://prokompressor.ru/catalog/mebel/stulya/247828/
404	https://prokompressor.ru/catalog/mebel/stulya/247829/
404	https://prokompressor.ru/catalog/mebel/stulya/247830/
404	https://prokompressor.ru/catalog/obuv/
404	https://prokompressor.ru/catalog/mebel/stulya/247831/
404	https://prokompressor.ru/catalog/obuv/muzhskaya_obuv/
404	https://prokompressor.ru/catalog/obuv/muzhskaya_obuv/247798/
404	https://prokompressor.ru/catalog/obuv/muzhskaya_obuv/247833/
404	https://prokompressor.ru/catalog/obuv/muzhskaya_obuv/247799/
404	https://prokompressor.ru/catalog/obuv/muzhskaya_obuv/247800/
404	https://prokompressor.ru/catalog/obuv/obuv_dlya_devochek/
404	https://prokompressor.ru/catalog/obuv/obuv_dlya_devochek/247852/
404	https://prokompressor.ru/catalog/obuv/obuv_dlya_devochek/247854/
404	https://prokompressor.ru/catalog/obuv/obuv_dlya_devochek/247855/
404	https://prokompressor.ru/catalog/obuv/obuv_dlya_devochek/247853/
404	https://prokompressor.ru/catalog/obuv/obuv_dlya_malchikov/
404	https://prokompressor.ru/catalog/obuv/obuv_dlya_malchikov/247837/
404	https://prokompressor.ru/catalog/obuv/obuv_dlya_malchikov/247840/
404	https://prokompressor.ru/catalog/obuv/obuv_dlya_malchikov/247838/
404	https://prokompressor.ru/catalog/obuv/obuv_dlya_malchikov/247839/
404	https://prokompressor.ru/catalog/obuv/zhenskaya_obuv/
404	https://prokompressor.ru/catalog/obuv/zhenskaya_obuv/247801/
404	https://prokompressor.ru/catalog/obuv/zhenskaya_obuv/247804/
404	https://prokompressor.ru/catalog/obuv/zhenskaya_obuv/247802/
404	https://prokompressor.ru/catalog/obuv/zhenskaya_obuv/247803/
404	https://prokompressor.ru/catalog/odezhda/
404	https://prokompressor.ru/catalog/odezhda/muzhskaya_odezhda/
404	https://prokompressor.ru/catalog/odezhda/muzhskaya_odezhda/247724/
404	https://prokompressor.ru/catalog/odezhda/muzhskaya_odezhda/247725/
404	https://prokompressor.ru/catalog/odezhda/muzhskaya_odezhda/247781/
404	https://prokompressor.ru/catalog/odezhda/muzhskaya_odezhda/247782/
404	https://prokompressor.ru/catalog/odezhda/muzhskaya_odezhda/247808/
404	https://prokompressor.ru/catalog/odezhda/muzhskaya_odezhda/247809/
404	https://prokompressor.ru/catalog/odezhda/odezhda_dlya_novorozhdennykh/
404	https://prokompressor.ru/catalog/odezhda/odezhda_dlya_novorozhdennykh/247726/
404	https://prokompressor.ru/catalog/odezhda/odezhda_dlya_novorozhdennykh/247727/
404	https://prokompressor.ru/catalog/odezhda/odezhda_dlya_novorozhdennykh/247783/
404	https://prokompressor.ru/catalog/odezhda/odezhda_dlya_novorozhdennykh/247784/
404	https://prokompressor.ru/catalog/odezhda/odezhda_dlya_podrostkov/
404	https://prokompressor.ru/catalog/odezhda/odezhda_dlya_podrostkov/247728/
404	https://prokompressor.ru/catalog/odezhda/odezhda_dlya_podrostkov/247729/
404	https://prokompressor.ru/catalog/odezhda/odezhda_dlya_podrostkov/247785/
404	https://prokompressor.ru/catalog/odezhda/odezhda_dlya_podrostkov/247786/
404	https://prokompressor.ru/catalog/odezhda/zhenskaya_odezhda/
404	https://prokompressor.ru/catalog/odezhda/zhenskaya_odezhda/247722/
404	https://prokompressor.ru/catalog/odezhda/zhenskaya_odezhda/247723/
404	https://prokompressor.ru/catalog/odezhda/zhenskaya_odezhda/247779/
404	https://prokompressor.ru/catalog/odezhda/zhenskaya_odezhda/247780/
404	https://prokompressor.ru/catalog/osveshchenie/
404	https://prokompressor.ru/catalog/osveshchenie/fonari/
404	https://prokompressor.ru/catalog/osveshchenie/fonari/247699/
404	https://prokompressor.ru/catalog/osveshchenie/fonari/247835/
404	https://prokompressor.ru/catalog/osveshchenie/fonari/247685/
404	https://prokompressor.ru/catalog/osveshchenie/fonari/247836/
404	https://prokompressor.ru/catalog/osveshchenie/lyustry/
404	https://prokompressor.ru/catalog/osveshchenie/lyustry/247696/
404	https://prokompressor.ru/catalog/osveshchenie/lyustry/247753/
404	https://prokompressor.ru/catalog/osveshchenie/lyustry/247766/
404	https://prokompressor.ru/catalog/osveshchenie/lyustry/247697/
404	https://prokompressor.ru/catalog/osveshchenie/lyustry/247767/
404	https://prokompressor.ru/catalog/osveshchenie/svetilniki/
404	https://prokompressor.ru/catalog/osveshchenie/lyustry/247832/
404	https://prokompressor.ru/catalog/osveshchenie/svetilniki/247698/
404	https://prokompressor.ru/catalog/osveshchenie/svetilniki/247684/
404	https://prokompressor.ru/catalog/osveshchenie/svetilniki/247834/
404	https://prokompressor.ru/catalog/santekhnika/dushevye_kabiny/
404	https://prokompressor.ru/catalog/santekhnika/
404	https://prokompressor.ru/catalog/santekhnika/dushevye_kabiny/247700/
404	https://prokompressor.ru/catalog/santekhnika/dushevye_kabiny/247701/
404	https://prokompressor.ru/catalog/santekhnika/dushevye_kabiny/247754/
404	https://prokompressor.ru/catalog/santekhnika/smesiteli/
404	https://prokompressor.ru/catalog/santekhnika/dushevye_kabiny/247769/
404	https://prokompressor.ru/catalog/santekhnika/smesiteli/247707/
404	https://prokompressor.ru/catalog/santekhnika/smesiteli/247708/
404	https://prokompressor.ru/catalog/santekhnika/smesiteli/247758/
404	https://prokompressor.ru/catalog/santekhnika/smesiteli/247771/
404	https://prokompressor.ru/catalog/santekhnika/unitazy/
404	https://prokompressor.ru/catalog/santekhnika/unitazy/247704/
404	https://prokompressor.ru/catalog/santekhnika/unitazy/247705/
404	https://prokompressor.ru/catalog/santekhnika/unitazy/247757/
404	https://prokompressor.ru/catalog/santekhnika/unitazy/247770/
404	https://prokompressor.ru/catalog/santekhnika/vanny/
404	https://prokompressor.ru/catalog/santekhnika/vanny/247702/
404	https://prokompressor.ru/catalog/santekhnika/vanny/247703/
404	https://prokompressor.ru/catalog/santekhnika/vanny/247755/
404	https://prokompressor.ru/catalog/santekhnika/vanny/247756/
404	https://prokompressor.ru/catalog/santekhnika/vanny/247807/
404	https://prokompressor.ru/catalog/santekhnika/vanny/247768/
404	https://prokompressor.ru/catalog/santekhnika/vanny/247878/
404	https://prokompressor.ru/catalog/sport/
404	https://prokompressor.ru/catalog/sport/ekipirovki/247720/
404	https://prokompressor.ru/catalog/sport/ekipirovki/247721/
404	https://prokompressor.ru/catalog/sport/ekipirovki/
404	https://prokompressor.ru/catalog/sport/ekipirovki/247734/
404	https://prokompressor.ru/catalog/sport/ekipirovki/247778/
404	https://prokompressor.ru/catalog/sport/ganteli/
404	https://prokompressor.ru/catalog/sport/ganteli/247821/
404	https://prokompressor.ru/catalog/sport/ganteli/247822/
404	https://prokompressor.ru/catalog/sport/ganteli/247826/
404	https://prokompressor.ru/catalog/sport/ganteli/247827/
404	https://prokompressor.ru/catalog/sport/myachi/247718/
404	https://prokompressor.ru/catalog/sport/myachi/
404	https://prokompressor.ru/catalog/sport/myachi/247719/
404	https://prokompressor.ru/catalog/sport/myachi/247777/
404	https://prokompressor.ru/catalog/sport/myachi/247814/
404	https://prokompressor.ru/catalog/sport/myachi/247816/
404	https://prokompressor.ru/catalog/stroitelnye_materialy/
404	https://prokompressor.ru/catalog/sport/myachi/247815/
404	https://prokompressor.ru/catalog/stroitelnye_materialy/klei/
404	https://prokompressor.ru/catalog/stroitelnye_materialy/klei/247683/
404	https://prokompressor.ru/catalog/stroitelnye_materialy/klei/247692/
404	https://prokompressor.ru/catalog/stroitelnye_materialy/klei/247752/
404	https://prokompressor.ru/catalog/stroitelnye_materialy/klei/247869/
404	https://prokompressor.ru/catalog/stroitelnye_materialy/klei/247870/
404	https://prokompressor.ru/catalog/stroitelnye_materialy/oboi/
404	https://prokompressor.ru/catalog/stroitelnye_materialy/klei/247871/
404	https://prokompressor.ru/catalog/stroitelnye_materialy/oboi/247693/
404	https://prokompressor.ru/catalog/stroitelnye_materialy/oboi/247695/
404	https://prokompressor.ru/catalog/stroitelnye_materialy/oboi/247763/
404	https://prokompressor.ru/catalog/tovary_dlya_doma_i_dachi/
404	https://prokompressor.ru/catalog/tovary_dlya_doma_i_dachi/dekor/
404	https://prokompressor.ru/catalog/stroitelnye_materialy/oboi/247764/
404	https://prokompressor.ru/catalog/tovary_dlya_doma_i_dachi/dekor/247711/
404	https://prokompressor.ru/catalog/tovary_dlya_doma_i_dachi/dekor/247750/
404	https://prokompressor.ru/catalog/tovary_dlya_doma_i_dachi/dekor/247775/
404	https://prokompressor.ru/catalog/tovary_dlya_doma_i_dachi/inventar/
404	https://prokompressor.ru/catalog/tovary_dlya_doma_i_dachi/dekor/247787/
404	https://prokompressor.ru/catalog/tovary_dlya_doma_i_dachi/inventar/247714/
404	https://prokompressor.ru/catalog/tovary_dlya_doma_i_dachi/inventar/247715/
404	https://prokompressor.ru/catalog/tovary_dlya_doma_i_dachi/inventar/247864/
404	https://prokompressor.ru/catalog/tovary_dlya_doma_i_dachi/inventar/247751/
404	https://prokompressor.ru/catalog/tovary_dlya_doma_i_dachi/tekstil/
404	https://prokompressor.ru/catalog/tovary_dlya_doma_i_dachi/tekstil/247709/
404	https://prokompressor.ru/catalog/tovary_dlya_doma_i_dachi/tekstil/247710/
404	https://prokompressor.ru/catalog/tovary_dlya_doma_i_dachi/tekstil/247749/
404	https://prokompressor.ru/catalog/tovary_dlya_doma_i_dachi/tekstil/247772/
404	https://prokompressor.ru/catalog/tovary_dlya_doma_i_dachi/tekstil/247774/
404	https://prokompressor.ru/catalog/tovary_dlya_doma_i_dachi/tekstil/247773/
404	https://prokompressor.ru/catalog/transport/
404	https://prokompressor.ru/catalog/transport/detskie_velosipedy/
404	https://prokompressor.ru/catalog/transport/detskie_velosipedy/247678/
404	https://prokompressor.ru/catalog/transport/detskie_velosipedy/247679/
404	https://prokompressor.ru/catalog/transport/detskie_velosipedy/247740/
404	https://prokompressor.ru/catalog/transport/detskie_velosipedy/247741/
404	https://prokompressor.ru/catalog/transport/mototsikly/
404	https://prokompressor.ru/catalog/transport/mototsikly/247879/
404	https://prokompressor.ru/catalog/transport/mototsikly/247880/
404	https://prokompressor.ru/catalog/transport/mototsikly/247881/
404	https://prokompressor.ru/catalog/transport/mototsikly/247882/
404	https://prokompressor.ru/catalog/transport/vzroslye_velosipedy/
404	https://prokompressor.ru/catalog/transport/vzroslye_velosipedy/247676/
404	https://prokompressor.ru/catalog/transport/vzroslye_velosipedy/247677/
404	https://prokompressor.ru/catalog/transport/vzroslye_velosipedy/247738/
404	https://prokompressor.ru/catalog/transport/vzroslye_velosipedy/247739/
404	https://prokompressor.ru/catalog/transport/vzroslye_velosipedy/247872/
404	https://prokompressor.ru/catalog/transport/vzroslye_velosipedy/247873/
404	https://prokompressor.ru/catalog/vozdushnye-kompressory/po-tipu/kompressornye-stantsii/azotnye_kompr/
404	https://prokompressor.ru/catalog/vozdushnye-kompressory/po-tipu/kompressornye-stantsii/peredvizhnye_1/
404	https://prokompressor.ru/catalog/vozdushnye-kompressory/po-tipu/vintovye/bazovoe-ispolnenie-1/
404	https://prokompressor.ru/catalog/vozdushnye-kompressory/po-tipu/vintovye/bez-resivera-s-osushitelem/
404	https://prokompressor.ru/catalog/vozdushnye-kompressory/po-tipu/vintovye/s-chastotnym-preobrazovatelem-1/
404	https://prokompressor.ru/catalog/razdel/
