  citaty.info                Цитаты.инфо — дом цитат
  kakoj-segodnja-prazdnik.com Just a moment...
  get-color.ru               
  spark.ru                   SPARK — платформа для общения бизнеса с бизнесом
  moluch.ru                  Публикация научных статей — Молодой ученый
  satom.ru                   Проверка безопасности
  rk.karelia.ru              
  sochistream.ru             СочиСтрим.ру - Все новости Сочи и Краснодарского края
  omskgazzeta.ru             Главная - Вечерний Омск
  rewizor.ru                 РЕВИЗОР.РУ
  mirnov.ru                  Издательство «Мир новостей» — Главные новости в России и мир
  tvcenter.ru                TVCenter.ru - Про звёзд, шоубизнес, про знаменитостей и кино
  gorod24.online             
  kikonline.ru               Новости Кургана и Курганской области | Газета Курган и курга
  bookmix.ru                 Книги - рецензии, обзоры, отзывы, книжные рейтинги и рекомен
  nashaplaneta.net           Наша &#127757; Планета | путеводитель для самостоятельных пу
  crimeapress.info           Новости Крыма | КрымPRESS: последние новости и главные событ
  ecoportal.info             Экологический портал - ECOportal.info | Сайт об экологии, ра
  prostudio.ru               Digital-агентство Prostudio — Ваш проводник в диджитал
  kostroma.today             KOSTROMA.TODAY — Главные события и новости Костромы
  арктик-тв.рф               Арктик-ТВ
  twizz.ru                   Twizz &#8212; новости, истории, тренды интернета
  berkat.ru                  Объявления, реклама Ингушетии. Недвижимость, работа, авто, в
  nanya.ru                   Портал няня.ру - свежие статьи и советы для профессиональных
  bm24.ru                    Главная
  mir76.ru                   Сайт Ярославля: город онлайн | Ярославль онлайн mir76.ru
  gamebox.biz                Обзоры, анонсы и новости мобильных игр на Gamebox.biz
  anaparegion.ru             Актуальные новости Анапы и Анапского района
  globalkras.ru              ГлобалКРАС.ру: Можно ли заработать на монетах из драгметалло
  guidesgame.ru              GuidesGame — коды подарков и бонусов для игр
  kvartblog.ru               Квартблог – интернет-журнал об обустройстве дома, интерьерах
  vremya.press               Главные новости Урфо, России и мира сегодня - Время PRESS
  bv02.info                  Баймакский вестник - новости Баймакского района Республики Б
  fgisrf.ru                  Справочник расценок #1
  galan.ru                   Галан - электрические отопительные котлы
  flotenk.ru                 Очистные сооружения: производство и продажа в России и СНГ -
  lada-granta.ru             160.79.106.128 18.08.2026 17:03:39
  miniteh.com                Browser verification
  metallicheckiy-portal.ru   Центральный металлический портал
  mplast.by                  MPlast.by - информационно-аналитический портал
  4x4.media                  Журнал Клуб 4х4 - всё о внедорожниках
  koch-market.ru             Студия тюнинга и оклейки Koch Market в Москве
снято: 42
