{"out": "brand-enger.md", "sec": 16.2, "in": 701, "out_tok": 1091, "chars": 741}
{"out": "brand-atlas-copco.md", "sec": 29.5, "in": 703, "out_tok": 1893, "chars": 2517}
{"out": "brand-berg.md", "sec": 17.3, "in": 703, "out_tok": 1171, "chars": 877}
{"out": "brand-remeza.md", "sec": 21.9, "in": 703, "out_tok": 1555, "chars": 2025}
{"out": "brand-cross-air.md", "sec": 15.2, "in": 701, "out_tok": 1040, "chars": 1050}
{"out": "brand-dali.md", "sec": 18.2, "in": 701, "out_tok": 1120, "chars": 976}
{"out": "brand-ekomak.md", "sec": 17.5, "in": 703, "out_tok": 1299, "chars": 1572}
{"out": "brand-et-compressors.md", "sec": 14.7, "in": 705, "out_tok": 935, "chars": 892}
{"out": "brand-magnus.md", "sec": 16.7, "in": 705, "out_tok": 1133, "chars": 771}
{"out": "brand-kraftmann.md", "sec": 16.9, "in": 707, "out_tok": 1186, "chars": 938}
{"out": "brand-dalgakiran.md", "sec": 18.4, "in": 707, "out_tok": 1362, "chars": 1672}
{"out": "brand-airpol.md", "sec": 15.4, "in": 701, "out_tok": 916, "chars": 795}
{"out": "brand-fini.md", "sec": 19.7, "in": 701, "out_tok": 1413, "chars": 1544}
{"out": "brand-das.md", "sec": 15.2, "in": 701, "out_tok": 1097, "chars": 809}
{"out": "brand-zif.md", "sec": 20.3, "in": 703, "out_tok": 1389, "chars": 1151}
{"out": "brand-rkz.md", "sec": 15.2, "in": 703, "out_tok": 1049, "chars": 919}
{"out": "brand-kraftmachine.md", "sec": 19.0, "in": 705, "out_tok": 1236, "chars": 1083}
{"out": "brand-master-blast.md", "sec": 14.5, "in": 701, "out_tok": 989, "chars": 833}
{"out": "brand-ozen.md", "sec": 15.4, "in": 703, "out_tok": 1024, "chars": 917}
{"out": "brand-lupamat.md", "sec": 16.4, "in": 705, "out_tok": 1159, "chars": 948}
{"out": "brand-zega.md", "sec": 15.9, "in": 703, "out_tok": 1068, "chars": 858}
{"out": "brand-atmos.md", "sec": 21.7, "in": 701, "out_tok": 1597, "chars": 1403}
{"out": "brand-airman.md", "sec": 25.5, "in": 703, "out_tok": 1797, "chars": 2528}
{"out": "brand-comaro.md", "sec": 14.3, "in": 703, "out_tok": 864, "chars": 954}
{"out": "brand-abac.md", "sec": 28.6, "in": 701, "out_tok": 1778, "chars": 2583}
{"out": "brand-mark.md", "sec": 14.3, "in": 699, "out_tok": 1006, "chars": 742}
{"out": "brand-souair.md", "sec": 15.6, "in": 703, "out_tok": 1043, "chars": 883}
{"out": "brand-spitzenreiter.md", "sec": 15.3, "in": 709, "out_tok": 1112, "chars": 851}
{"out": "brand-almig.md", "sec": 15.0, "in": 703, "out_tok": 964, "chars": 946}
{"out": "brand-ironmac.md", "sec": 14.5, "in": 703, "out_tok": 971, "chars": 680}
{"out": "brand-hansmann.md", "sec": 16.7, "in": 701, "out_tok": 1060, "chars": 800}
{"out": "brand-ultratech.md", "sec": 15.0, "in": 705, "out_tok": 1056, "chars": 880}
{"out": "brand-fiac.md", "sec": 21.8, "in": 701, "out_tok": 1559, "chars": 1917}
{"out": "brand-cac.md", "sec": 13.1, "in": 701, "out_tok": 978, "chars": 737}
{"out": "brand-ingro.md", "sec": 18.0, "in": 701, "out_tok": 1260, "chars": 1165}
{"out": "brand-comprag.md", "sec": 20.2, "in": 701, "out_tok": 1507, "chars": 1834}
{"out": "brand-chicago-pneumatic.md", "sec": 30.0, "in": 705, "out_tok": 1988, "chars": 2752}
{"out": "brand-bezheck-bezheckiy-zavod-aso.md", "sec": 17.7, "in": 741, "out_tok": 1292, "chars": 1479}
{"out": "brand-ariacom.md", "sec": 16.7, "in": 705, "out_tok": 1127, "chars": 929}
{"out": "brand-minskiy-motornyy-zavod.md", "sec": 17.6, "in": 719, "out_tok": 1310, "chars": 1308}
{"out": "brand-atom.md", "sec": 17.6, "in": 701, "out_tok": 1166, "chars": 931}
{"out": "brand-airbox.md", "sec": 15.7, "in": 703, "out_tok": 1011, "chars": 765}
{"out": "brand-fubag.md", "sec": 21.4, "in": 703, "out_tok": 1550, "chars": 1939}
{"out": "brand-chkz-chelyabinskiy-kompressornyy-zavod.md", "sec": 20.4, "in": 741, "out_tok": 1405, "chars": 1497}
{"out": "brand-paramina.md", "sec": 13.8, "in": 701, "out_tok": 928, "chars": 755}
{"out": "brand-aztec.md", "sec": 15.1, "in": 701, "out_tok": 1055, "chars": 1019}
{"out": "brand-coaire.md", "sec": 16.6, "in": 701, "out_tok": 1086, "chars": 1067}
{"out": "brand-boge.md", "sec": 24.4, "in": 701, "out_tok": 1647, "chars": 2522}
{"out": "brand-ceccato.md", "sec": 31.3, "in": 703, "out_tok": 1873, "chars": 2847}
{"out": "brand-global.md", "sec": 19.4, "in": 699, "out_tok": 1195, "chars": 1243}
{"out": "brand-habe.md", "sec": 15.6, "in": 703, "out_tok": 1034, "chars": 939}
{"out": "brand-ingersoll-rand.md", "sec": 25.9, "in": 705, "out_tok": 1773, "chars": 2664}
{"out": "brand-renner.md", "sec": 18.4, "in": 701, "out_tok": 1289, "chars": 1266}
{"out": "brand-tamsan.md", "sec": 14.3, "in": 703, "out_tok": 881, "chars": 745}
{"out": "brand-zammer.md", "sec": 16.2, "in": 701, "out_tok": 1140, "chars": 1114}
{"out": "brand-versus-kompressoren.md", "sec": 15.6, "in": 711, "out_tok": 1137, "chars": 919}
{"out": "brand-harrison.md", "sec": 17.2, "in": 699, "out_tok": 1204, "chars": 1076}
{"out": "brand-robuschi.md", "sec": 26.6, "in": 738, "out_tok": 1920, "chars": 2296}
{"out": "brand-baysar.md", "sec": 17.0, "in": 705, "out_tok": 1256, "chars": 1231}
{"out": "brand-sullair.md", "sec": 26.1, "in": 703, "out_tok": 1840, "chars": 2456}
{"out": "brand-hori.md", "sec": 16.6, "in": 703, "out_tok": 1165, "chars": 1085}
{"out": "brand-kaeser.md", "sec": 27.5, "in": 703, "out_tok": 1838, "chars": 2557}
{"out": "faq-ideas-1-ru.md", "sec": 74.2, "in": 656, "out_tok": 6197, "chars": 7144}
{"out": "faq-ideas-2-west.md", "sec": 66.0, "in": 319, "out_tok": 5433, "chars": 8686}
{"out": "faq-ideas-3-asia.md", "sec": 45.4, "in": 283, "out_tok": 3510, "chars": 5606}
{"out": "faq-ideas-4-adjacent.md", "sec": 48.1, "in": 266, "out_tok": 3717, "chars": 5454}
ИТОГО: пропущено готовых 0, токены in=45223 out=97644
